---
source: crates/nrzrepo-lib/src/cli/mod.rs
expression: err
---
error: Cannot use watch arguments before `watch` subcommand

Usage: nrz [OPTIONS] [COMMAND]

For more information, try '--help'.
