---
source: crates/nrzrepo/tests/query.rs
expression: query_output
---
{
  "data": {
    "packages": {
      "items": [
        {
          "name": "util",
          "directDependents": {
            "length": 1
          }
        }
      ]
    }
  }
}
