---
source: crates/nrzrepo/tests/query.rs
expression: query_output
---
{
  "data": {
    "file": {
      "path": "incorrect_extension.mjs",
      "dependencies": {
        "files": {
          "items": [
            {
              "path": "bar.js"
            }
          ]
        }
      }
    }
  }
}
