---
source: crates/nrzrepo-lib/src/opts.rs
expression: cache_config
---
Ok(
    CacheConfig {
        local: CacheActions {
            read: true,
            write: false,
        },
        remote: CacheActions {
            read: true,
            write: false,
        },
    },
)
